INFO:     Will watch for changes in these directories: ['/Users/shiveshparashar/Desktop/flakeguard']
INFO:     Uvicorn running on http://127.0.0.1:8000 (Press CTRL+C to quit)
INFO:     Started reloader process [48383] using StatReload
INFO:     Started server process [48386]
INFO:     Waiting for application startup.
INFO:     Application startup complete.
INFO:     127.0.0.1:56850 - "GET /health HTTP/1.1" 200 OK
2026-09-29 21:51:19,204 INFO sqlalchemy.engine.Engine select pg_catalog.version()
2026-09-29 21:51:19,204 INFO sqlalchemy.engine.Engine [raw sql] {}
2026-09-29 21:51:19,204 INFO sqlalchemy.engine.Engine select current_schema()
2026-09-29 21:51:19,204 INFO sqlalchemy.engine.Engine [raw sql] {}
2026-09-29 21:51:19,205 INFO sqlalchemy.engine.Engine show standard_conforming_strings
2026-09-29 21:51:19,205 INFO sqlalchemy.engine.Engine [raw sql] {}
2026-09-29 21:51:19,205 INFO sqlalchemy.engine.Engine BEGIN (implicit)
2026-09-29 21:51:19,208 INFO sqlalchemy.engine.Engine SELECT anon_1.repository AS anon_1_repository, anon_1.test_name AS anon_1_test_name, count(anon_1.outcome) AS total_runs, sum(CASE WHEN (anon_1.outcome = %(outcome_1)s) THEN %(param_1)s ELSE %(param_2)s END) AS passed_count, sum(CASE WHEN (anon_1.outcome = %(outcome_2)s) THEN %(param_3)s ELSE %(param_4)s END) AS failed_count, max(anon_1.created_at) AS last_seen 
FROM (SELECT test_runs.repository AS repository, test_results.test_name AS test_name, test_results.outcome AS outcome, test_runs.created_at AS created_at, row_number() OVER (PARTITION BY test_runs.repository, test_results.test_name ORDER BY test_runs.created_at DESC) AS rn 
FROM test_results JOIN test_runs ON test_results.test_run_id = test_runs.id) AS anon_1 
WHERE anon_1.rn <= %(rn_1)s GROUP BY anon_1.repository, anon_1.test_name 
HAVING count(distinct(anon_1.outcome)) > %(count_1)s AND count(anon_1.outcome) >= %(count_2)s
2026-09-29 21:51:19,208 INFO sqlalchemy.engine.Engine [generated in 0.00007s] {'outcome_1': 'passed', 'param_1': 1, 'param_2': 0, 'outcome_2': 'failed', 'param_3': 1, 'param_4': 0, 'rn_1': 20, 'count_1': 1, 'count_2': 3}
INFO:     127.0.0.1:56851 - "GET /api/v1/flaky-tests HTTP/1.1" 200 OK
2026-09-29 21:51:19,210 INFO sqlalchemy.engine.Engine ROLLBACK
2026-09-29 21:51:22,371 INFO sqlalchemy.engine.Engine BEGIN (implicit)
2026-09-29 21:51:22,371 INFO sqlalchemy.engine.Engine SELECT anon_1.repository AS anon_1_repository, anon_1.test_name AS anon_1_test_name, count(anon_1.outcome) AS total_runs, sum(CASE WHEN (anon_1.outcome = %(outcome_1)s) THEN %(param_1)s ELSE %(param_2)s END) AS passed_count, sum(CASE WHEN (anon_1.outcome = %(outcome_2)s) THEN %(param_3)s ELSE %(param_4)s END) AS failed_count, max(anon_1.created_at) AS last_seen 
FROM (SELECT test_runs.repository AS repository, test_results.test_name AS test_name, test_results.outcome AS outcome, test_runs.created_at AS created_at, row_number() OVER (PARTITION BY test_runs.repository, test_results.test_name ORDER BY test_runs.created_at DESC) AS rn 
FROM test_results JOIN test_runs ON test_results.test_run_id = test_runs.id) AS anon_1 
WHERE anon_1.rn <= %(rn_1)s GROUP BY anon_1.repository, anon_1.test_name 
HAVING count(distinct(anon_1.outcome)) > %(count_1)s AND count(anon_1.outcome) >= %(count_2)s
2026-09-29 21:51:22,371 INFO sqlalchemy.engine.Engine [cached since 3.164s ago] {'outcome_1': 'passed', 'param_1': 1, 'param_2': 0, 'outcome_2': 'failed', 'param_3': 1, 'param_4': 0, 'rn_1': 20, 'count_1': 1, 'count_2': 3}
INFO:     127.0.0.1:56853 - "GET /dashboard?key=devkey HTTP/1.1" 200 OK
2026-09-29 21:51:22,375 INFO sqlalchemy.engine.Engine ROLLBACK
2026-09-29 21:51:29,566 INFO sqlalchemy.engine.Engine BEGIN (implicit)
2026-09-29 21:51:29,566 INFO sqlalchemy.engine.Engine SELECT anon_1.repository AS anon_1_repository, anon_1.test_name AS anon_1_test_name, count(anon_1.outcome) AS total_runs, sum(CASE WHEN (anon_1.outcome = %(outcome_1)s) THEN %(param_1)s ELSE %(param_2)s END) AS passed_count, sum(CASE WHEN (anon_1.outcome = %(outcome_2)s) THEN %(param_3)s ELSE %(param_4)s END) AS failed_count, max(anon_1.created_at) AS last_seen 
FROM (SELECT test_runs.repository AS repository, test_results.test_name AS test_name, test_results.outcome AS outcome, test_runs.created_at AS created_at, row_number() OVER (PARTITION BY test_runs.repository, test_results.test_name ORDER BY test_runs.created_at DESC) AS rn 
FROM test_results JOIN test_runs ON test_results.test_run_id = test_runs.id) AS anon_1 
WHERE anon_1.rn <= %(rn_1)s GROUP BY anon_1.repository, anon_1.test_name 
HAVING count(distinct(anon_1.outcome)) > %(count_1)s AND count(anon_1.outcome) >= %(count_2)s
2026-09-29 21:51:29,566 INFO sqlalchemy.engine.Engine [cached since 10.36s ago] {'outcome_1': 'passed', 'param_1': 1, 'param_2': 0, 'outcome_2': 'failed', 'param_3': 1, 'param_4': 0, 'rn_1': 20, 'count_1': 1, 'count_2': 3}
INFO:     127.0.0.1:56854 - "GET /dashboard?key=devkey HTTP/1.1" 200 OK
2026-09-29 21:51:29,567 INFO sqlalchemy.engine.Engine ROLLBACK
INFO:     127.0.0.1:56855 - "GET /dashboard?repository= HTTP/1.1" 401 Unauthorized
